$ /usr/bin/opam --version
$ /usr/bin/opam --version
$ /usr/bin/opam --version
2.1.4

$ /usr/bin/opam var --global root
2.1.4
2.1.4

$ /usr/bin/opam var --global root

$ /usr/bin/opam var --global root
/home/hong/.opam
/home/hong/.opam
/home/hong/.opam


$ /usr/bin/opam switch show --root /home/hong/.opam

default

$ /usr/bin/opam switch show --root /home/hong/.opam
default

$ /usr/bin/opam exec --switch=default --set-switch --root /home/hong/.opam -- ocamlc --version
4.13.1

$ /usr/bin/opam exec --switch=default --set-switch --root /home/hong/.opam -- ocamllsp --version
[ERROR] Command not found 'ocamllsp'

$ /usr/bin/opam exec --switch=default --set-switch --root /home/hong/.opam -- utop -version
[ERROR] Command not found 'utop'

$ /usr/bin/opam switch list -s --root /home/hong/.opam
default

$ /usr/bin/opam update --switch=default --root /home/hong/.opam

<><> Updating package repositories ><><><><><><><><><><><><><><><><><><><><><><>
[default] synchronised from https://opam.ocaml.org
Now run 'opam upgrade' to apply any package updates.

$ /usr/bin/opam install --switch=default -y ocaml-platform --root /home/hong/.opam
[ERROR] No package named ocaml-platform found.

$ /usr/bin/opam switch list -s --root /home/hong/.opam
default

$ /usr/bin/opam update --switch=default --root /home/hong/.opam

<><> Updating package repositories ><><><><><><><><><><><><><><><><><><><><><><>
[default] no changes from https://opam.ocaml.org

$ /usr/bin/opam install --switch=default -y ocaml-lsp --root /home/hong/.opam
[ERROR] No package named ocaml-lsp found.

$ /usr/bin/opam switch list -s --root /home/hong/.opam
default

$ /usr/bin/opam update --switch=default --root /home/hong/.opam

<><> Updating package repositories ><><><><><><><><><><><><><><><><><><><><><><>
[platform-cache] no changes from file:///home/hong/.opam/plugins/ocaml-platform/cache/repo
[default] no changes from https://opam.ocaml.org

<><> Synchronising development packages <><><><><><><><><><><><><><><><><><><><>
[dune-release.1.6.2+platform] synchronised (file:///home/hong/.opam/plugins/ocaml-platform/cache/archives/dune-release.1.6.2+platform.tar.gz)
[merlin.4.7-413-ocaml4.13.1+platform] synchronised (file:///home/hong/.opam/plugins/ocaml-platform/cache/archives/merlin.4.7-413-ocaml4.13.1+platform.tar.gz)
[ocaml-lsp-server.1.10.5-ocaml4.13.1+platform] synchronised (file:///home/hong/.opam/plugins/ocaml-platform/cache/archives/ocaml-lsp-server.1.10.5-ocaml4.13.1+platform.tar.gz)
[odoc.2.2.0-ocaml4.13.1+platform] synchronised (file:///home/hong/.opam/plugins/ocaml-platform/cache/archives/odoc.2.2.0-ocaml4.13.1+platform.tar.gz)
[ocamlformat.0.25.1+platform] synchronised (file:///home/hong/.opam/plugins/ocaml-platform/cache/archives/ocamlformat.0.25.1+platform.tar.gz)

$ /usr/bin/opam install --switch=default -y ocaml-lsp --root /home/hong/.opam
[ERROR] No package named ocaml-lsp found.

$ /usr/bin/opam switch list -s --root /home/hong/.opam
default

